\BOOKMARK [0][-]{chapter*.1}{\376\377\000P\000r\000e\000f\000a\000c\000e\000:\000\040\000w\000h\000a\000t\000\040\000t\000h\000i\000s\000\040\000r\000e\000p\000o\000r\000t\000\040\000i\000s\000\040\000t\000r\000y\000i\000n\000g\000\040\000t\000o\000\040\000d\000o}{}% 1
\BOOKMARK [0][-]{chapter.1}{\376\377\000W\000h\000a\000t\000\040\000d\000o\000\040\000c\000o\000s\000m\000o\000l\000o\000g\000i\000s\000t\000s\000\040\000a\000c\000t\000u\000a\000l\000l\000y\000\040\000m\000e\000a\000n\000\040\000b\000y\000\040\000t\000h\000e\000\040\000B\000i\000g\000\040\000B\000a\000n\000g\000?}{}% 2
\BOOKMARK [1][-]{section.1.1}{\376\377\000T\000h\000e\000\040\000s\000i\000m\000p\000l\000e\000\040\000p\000i\000c\000t\000u\000r\000e}{chapter.1}% 3
\BOOKMARK [1][-]{section.1.2}{\376\377\000W\000h\000a\000t\000\040\000t\000h\000e\000\040\000m\000o\000d\000e\000l\000\040\000e\000x\000p\000l\000a\000i\000n\000s\000\040\000w\000e\000l\000l}{chapter.1}% 4
\BOOKMARK [0][-]{chapter.2}{\376\377\000W\000h\000y\000\040\000a\000s\000k\000\040\000w\000h\000a\000t\000\040\000c\000a\000m\000e\000\040\000b\000e\000f\000o\000r\000e\000\040\000t\000h\000e\000\040\000h\000o\000t\000\040\000B\000i\000g\000\040\000B\000a\000n\000g\000?}{}% 5
\BOOKMARK [0][-]{chapter.3}{\376\377\000I\000n\000f\000l\000a\000t\000i\000o\000n\000:\000\040\000a\000c\000c\000e\000l\000e\000r\000a\000t\000e\000d\000\040\000e\000x\000p\000a\000n\000s\000i\000o\000n\000\040\000b\000e\000f\000o\000r\000e\000\040\000t\000h\000e\000\040\000h\000o\000t\000\040\000p\000h\000a\000s\000e}{}% 6
\BOOKMARK [1][-]{section.3.1}{\376\377\000T\000h\000e\000\040\000c\000o\000r\000e\000\040\000i\000d\000e\000a}{chapter.3}% 7
\BOOKMARK [1][-]{section.3.2}{\376\377\000S\000l\000o\000w\000-\000r\000o\000l\000l\000\040\000l\000a\000n\000g\000u\000a\000g\000e}{chapter.3}% 8
\BOOKMARK [0][-]{chapter.4}{\376\377\000Q\000u\000a\000n\000t\000u\000m\000\040\000f\000l\000u\000c\000t\000u\000a\000t\000i\000o\000n\000s\000:\000\040\000h\000o\000w\000\040\000t\000i\000n\000y\000\040\000s\000e\000e\000d\000s\000\040\000b\000e\000c\000o\000m\000e\000\040\000g\000a\000l\000a\000x\000i\000e\000s}{}% 9
\BOOKMARK [0][-]{chapter.5}{\376\377\000R\000e\000h\000e\000a\000t\000i\000n\000g\000:\000\040\000t\000u\000r\000n\000i\000n\000g\000\040\000a\000n\000\040\000i\000n\000f\000l\000a\000t\000i\000n\000g\000\040\000s\000t\000a\000t\000e\000\040\000i\000n\000t\000o\000\040\000a\000\040\000h\000o\000t\000\040\000u\000n\000i\000v\000e\000r\000s\000e}{}% 10
\BOOKMARK [0][-]{chapter.6}{\376\377\000T\000h\000e\000\040\000C\000M\000B\000:\000\040\000w\000h\000e\000r\000e\000\040\000t\000h\000e\000\040\000t\000h\000e\000o\000r\000y\000\040\000m\000e\000e\000t\000s\000\040\000d\000a\000t\000a}{}% 11
\BOOKMARK [0][-]{chapter.7}{\376\377\000I\000n\000f\000l\000a\000t\000i\000o\000n\000\040\000m\000o\000d\000e\000l\000\040\000d\000i\000s\000c\000r\000i\000m\000i\000n\000a\000t\000i\000o\000n\000\040\000i\000n\000\040\000t\000h\000e\000\040\000n\000s\040\023\000r\000\040\000p\000l\000a\000n\000e}{}% 12
\BOOKMARK [0][-]{chapter.8}{\376\377\000F\000a\000l\000s\000e\000-\000v\000a\000c\000u\000u\000m\000\040\000d\000e\000c\000a\000y\000\040\000a\000n\000d\000\040\000b\000u\000b\000b\000l\000e\000\040\000n\000u\000c\000l\000e\000a\000t\000i\000o\000n}{}% 13
\BOOKMARK [0][-]{chapter.9}{\376\377\000E\000t\000e\000r\000n\000a\000l\000\040\000i\000n\000f\000l\000a\000t\000i\000o\000n\000\040\000a\000n\000d\000\040\000t\000h\000e\000\040\000m\000u\000l\000t\000i\000v\000e\000r\000s\000e\000\040\000b\000r\000a\000n\000c\000h}{}% 14
\BOOKMARK [0][-]{chapter.10}{\376\377\000H\000o\000r\000i\000z\000o\000n\000s\000:\000\040\000w\000h\000a\000t\000\040\000d\000o\000e\000s\000\040\000`\000`\000o\000u\000t\000s\000i\000d\000e\000'\000'\000\040\000a\000c\000t\000u\000a\000l\000l\000y\000\040\000m\000e\000a\000n\000?}{}% 15
\BOOKMARK [0][-]{chapter.11}{\376\377\000B\000o\000u\000n\000c\000e\000\040\000a\000n\000d\000\040\000c\000y\000c\000l\000i\000c\000\040\000a\000l\000t\000e\000r\000n\000a\000t\000i\000v\000e\000s}{}% 16
\BOOKMARK [0][-]{chapter.12}{\376\377\000Q\000u\000a\000n\000t\000u\000m\000\040\000c\000o\000s\000m\000o\000l\000o\000g\000y\000:\000\040\000a\000\040\000b\000o\000u\000n\000d\000a\000r\000y\000\040\000c\000o\000n\000d\000i\000t\000i\000o\000n\000\040\000i\000n\000s\000t\000e\000a\000d\000\040\000o\000f\000\040\000a\000n\000\040\000e\000a\000r\000l\000i\000e\000r\000\040\000c\000l\000a\000s\000s\000i\000c\000a\000l\000\040\000e\000r\000a}{}% 17
\BOOKMARK [0][-]{chapter.13}{\376\377\000C\000o\000u\000l\000d\000\040\000t\000h\000e\000r\000e\000\040\000b\000e\000\040\000a\000\040\000h\000i\000g\000h\000e\000r\000-\000d\000i\000m\000e\000n\000s\000i\000o\000n\000a\000l\000\040\000`\000`\000o\000u\000t\000s\000i\000d\000e\000'\000'\000?}{}% 18
\BOOKMARK [0][-]{chapter.14}{\376\377\000I\000n\000s\000i\000d\000e\000\040\000o\000n\000e\000\040\000b\000u\000b\000b\000l\000e\000:\000\040\000h\000o\000w\000\040\000a\000\040\000l\000o\000c\000a\000l\000\040\000h\000o\000t\000\040\000u\000n\000i\000v\000e\000r\000s\000e\000\040\000c\000a\000n\000\040\000e\000m\000e\000r\000g\000e}{}% 19
\BOOKMARK [0][-]{chapter.15}{\376\377\000T\000h\000e\000\040\000l\000o\000n\000g\000\040\000f\000u\000t\000u\000r\000e\000:\000\040\000h\000o\000r\000i\000z\000o\000n\000s\000\040\000k\000e\000e\000p\000\040\000c\000h\000a\000n\000g\000i\000n\000g}{}% 20
\BOOKMARK [0][-]{chapter.16}{\376\377\000W\000h\000a\000t\000\040\000w\000o\000u\000l\000d\000\040\000c\000o\000u\000n\000t\000\040\000a\000s\000\040\000e\000v\000i\000d\000e\000n\000c\000e\000\040\000f\000o\000r\000\040\000s\000o\000m\000e\000t\000h\000i\000n\000g\000\040\000d\000e\000e\000p\000e\000r\000?}{}% 21
\BOOKMARK [0][-]{chapter.17}{\376\377\000C\000u\000r\000r\000e\000n\000t\000\040\000s\000y\000n\000t\000h\000e\000s\000i\000s}{}% 22
\BOOKMARK [0][-]{chapter.18}{\376\377\000R\000e\000p\000r\000o\000d\000u\000c\000i\000b\000i\000l\000i\000t\000y\000\040\000a\000n\000d\000\040\000l\000i\000m\000i\000t\000s}{}% 23
\BOOKMARK [1][-]{section.18.1}{\376\377\000A\000\040\000p\000r\000a\000c\000t\000i\000c\000a\000l\000\040\000c\000h\000e\000c\000k\000l\000i\000s\000t}{chapter.18}% 24
\BOOKMARK [0][-]{chapter*.22}{\376\377\000C\000o\000p\000y\000r\000i\000g\000h\000t\000\040\000a\000n\000d\000\040\000f\000i\000g\000u\000r\000e\000-\000u\000s\000e\000\040\000n\000o\000t\000e}{}% 25
